--------------------------------------------------------------------------------------
Timing Analyzer Summary
--------------------------------------------------------------------------------------

Type           : Worst-case tco
Slack          : N/A
Required Time  : None
Actual Time    : 13.447 ns
From           : Ball_Y_pos[3]
To             : Green
From Clock     : Vert_sync
To Clock       : --
Failed Paths   : 0

Type           : Worst-case tpd
Slack          : N/A
Required Time  : None
Actual Time    : 16.235 ns
From           : pixel_column[5]
To             : Green
From Clock     : --
To Clock       : --
Failed Paths   : 0

Type           : Clock Setup: 'Vert_sync'
Slack          : N/A
Required Time  : None
Actual Time    : Restricted to 420.17 MHz ( period = 2.380 ns )
From           : Ball_Y_motion[2]
To             : Ball_Y_pos[9]
From Clock     : Vert_sync
To Clock       : Vert_sync
Failed Paths   : 0

Type           : Total number of failed paths
Slack          : 
Required Time  : 
Actual Time    : 
From           : 
To             : 
From Clock     : 
To Clock       : 
Failed Paths   : 0

--------------------------------------------------------------------------------------

